[gigm.com/Default.html]
[script.crazyegg.com/pages/scripts/0079/2867.js]
[gigm.com/js/Stor.js]
[gigm.com/js/str.js]
[code.jquery.com/mobile/1.4.5/jquery.mobile-1.4.5.min.css]
[gigm.com/dist/select2/select2.min.css]
[gigm.com/plugin/demo.css]
[gigm.com/plugin/Font Awesome/css/font-awesome.min.css]
[gigm.com/plugin/components/bootstrap-datepicker/bootstrap-datepicker3.min.css]
[gigm.com/plugin/datepicker-in-fullscreen.css]
[gigm.com/img/calendar.gif]
[gigm.com/js/redirection-mobile.js]
[www.google-analytics.com/analytics.js]
[backblue.gif]
[fade.gif]
[index.html]
[gigm.com/css/respond.css]
[gigm.com/webassets/css/bootstrap.min.css]
[gigm.com/webassets/css/main260f.css]
[gigm.com/webassets/css/animate.css]
[gigm.com/webassets/css/font-awesome.min.css]
[gigm.com/img/ico.png]
[gigm.com/WebResource41f8.js]
[gigm.com/ScriptResource37ce.js]
[gigm.com/ScriptResource3e7e.js]
[gigm.com/ScriptResource7b61.js]
[gigm.com/webassets/img/gigm-logo.png]
[gigm.com/webassets/img/asaba.png]
[gigm.com/webassets/img/enugu.png]
[gigm.com/webassets/img/ph.png]
[gigm.com/Learning-Academy.html]
[gigm.com/Travels-Tours.html]
[gigm.com/Safety.html]
[gigm.com/hire-vehicle.html]
[gigm.com/gigm-mobile-app.html]
[gigm.com/Faq.html]
[gigm.com/Luggage-Allowance.html]
[gigm.com/Terms-and-Conditions.html]
[gigm.com/Contact-Us.html]
[gigm.com/Customer-Care.html]
[gigm.com/Terminals.html]
[gigm.com/About-Us.html]
[gigm.com/Awards.html]
[gigm.com/Careers.html]
[gigm.com/enterprisepartners.html]
[gigm.com/captain.html]
[gigm.com/pickupservice.html]
[gigm.com/Register.html]
[gigm.com/webassets/img/banner.jpg]
[gigm.com/img/googleplay.png]
[gigm.com/img/iOS-app-store.gif]
[gigm.com/img/pickup-loader.png]
[gigm.com/img/loadingBar.gif]
[m.gigm.com/img/Pickupwebstrip.jpg]
[gigm.com/webassets/img/icons/customer-service.png]
[gigm.com/webassets/img/icons/question.png]
[gigm.com/webassets/img/icons/terminals.png]
[gigm.com/webassets/img/icons/pickup-point.png]
[gigm.com/webassets/img/download-app-img.png]
[gigm.com/webassets/img/childfare-img.png]
[gigm.com/How-To-Book-A-Bus.html]
[gigm.com/Privacy-Policy.html]
[gigm.com/keep.html]
[code.jquery.com/jquery-3.2.1.min.js]
[gigm.com/webassets/js/bootstrap.min.js]
[gigm.com/webassets/js/main1ded.js]
[gigm.com/webassets/js/wow.min.js]
[gigm.com/js/legacy.js]
[gigm.com/js/DateTime.js]
[gigm.com/js/jquery.backstretch.min.js]
[gigm.com/js/jquery.bxslider.js]
[gigm.com/js/moment.js]
[gigm.com/js/date.js]
[gigm.com/dist/select2/select2.full.min.js]
[gigm.com/dist/css/sweetalert.css]
[gigm.com/dist/js/sweetalert.min.js]
[gigm.com/assets/js/main.js]
[gigm.com/assets/js/wow.js]
[gigm.com/plugin/components/bootstrap-datepicker/bootstrap-datepicker.min.js]
[gigm.com/plugin/components/bootstrap-datepicker/locales/bootstrap-datepicker.en-GB.min.js]
[gigm.com/plugin/components/moment/moment.min.js]
[gigm.com/plugin/components/TouchSwipe/jquery.touchSwipe.min.js]
[gigm.com/plugin/datepicker-in-fullscreen.js]
[www.googleadservices.com/pagead/f.txt]
[gigm.com/Default.html]
[script.crazyegg.com/pages/scripts/0079/2867.js]
[gigm.com/js/Stor.js]
[gigm.com/js/str.js]
[connect.facebook.net/en_US/fbevents.js]
[code.jquery.com/mobile/1.4.5/images/icons-png/action-white.png]
[code.jquery.com/mobile/1.4.5/images/icons-png/alert-white.png]
[code.jquery.com/mobile/1.4.5/images/icons-png/arrow-d-l-white.png]
[code.jquery.com/mobile/1.4.5/images/icons-png/arrow-d-r-white.png]
[code.jquery.com/mobile/1.4.5/images/icons-png/arrow-d-white.png]
[code.jquery.com/mobile/1.4.5/images/icons-png/arrow-l-white.png]
[code.jquery.com/mobile/1.4.5/images/icons-png/arrow-r-white.png]
[code.jquery.com/mobile/1.4.5/images/icons-png/arrow-u-l-white.png]
[code.jquery.com/mobile/1.4.5/images/icons-png/arrow-u-r-white.png]
[code.jquery.com/mobile/1.4.5/images/icons-png/arrow-u-white.png]
[code.jquery.com/mobile/1.4.5/images/icons-png/audio-white.png]
[code.jquery.com/mobile/1.4.5/images/icons-png/back-white.png]
[code.jquery.com/mobile/1.4.5/images/icons-png/bars-white.png]
[code.jquery.com/mobile/1.4.5/images/icons-png/bullets-white.png]
[code.jquery.com/mobile/1.4.5/images/icons-png/calendar-white.png]
[code.jquery.com/mobile/1.4.5/images/icons-png/camera-white.png]
[code.jquery.com/mobile/1.4.5/images/icons-png/carat-d-white.png]
[code.jquery.com/mobile/1.4.5/images/icons-png/carat-l-white.png]
[code.jquery.com/mobile/1.4.5/images/icons-png/carat-r-white.png]
[code.jquery.com/mobile/1.4.5/images/icons-png/carat-u-white.png]
[code.jquery.com/mobile/1.4.5/images/icons-png/check-white.png]
[code.jquery.com/mobile/1.4.5/images/icons-png/clock-white.png]
[code.jquery.com/mobile/1.4.5/images/icons-png/cloud-white.png]
[code.jquery.com/mobile/1.4.5/images/icons-png/comment-white.png]
[code.jquery.com/mobile/1.4.5/images/icons-png/delete-white.png]
[code.jquery.com/mobile/1.4.5/images/icons-png/edit-white.png]
[code.jquery.com/mobile/1.4.5/images/icons-png/eye-white.png]
[code.jquery.com/mobile/1.4.5/images/icons-png/forbidden-white.png]
[code.jquery.com/mobile/1.4.5/images/icons-png/forward-white.png]
[code.jquery.com/mobile/1.4.5/images/icons-png/gear-white.png]
[code.jquery.com/mobile/1.4.5/images/icons-png/grid-white.png]
[code.jquery.com/mobile/1.4.5/images/icons-png/heart-white.png]
[code.jquery.com/mobile/1.4.5/images/icons-png/home-white.png]
[code.jquery.com/mobile/1.4.5/images/icons-png/info-white.png]
[code.jquery.com/mobile/1.4.5/images/icons-png/location-white.png]
[code.jquery.com/mobile/1.4.5/images/icons-png/lock-white.png]
[code.jquery.com/mobile/1.4.5/images/icons-png/mail-white.png]
[code.jquery.com/mobile/1.4.5/images/icons-png/minus-white.png]
[code.jquery.com/mobile/1.4.5/images/icons-png/navigation-white.png]
[code.jquery.com/mobile/1.4.5/images/icons-png/phone-white.png]
[code.jquery.com/mobile/1.4.5/images/icons-png/plus-white.png]
[code.jquery.com/mobile/1.4.5/images/icons-png/power-white.png]
[code.jquery.com/mobile/1.4.5/images/icons-png/recycle-white.png]
[code.jquery.com/mobile/1.4.5/images/icons-png/refresh-white.png]
[code.jquery.com/mobile/1.4.5/images/icons-png/search-white.png]
[code.jquery.com/mobile/1.4.5/images/icons-png/shop-white.png]
[code.jquery.com/mobile/1.4.5/images/icons-png/star-white.png]
[code.jquery.com/mobile/1.4.5/images/icons-png/tag-white.png]
[code.jquery.com/mobile/1.4.5/images/icons-png/user-white.png]
[code.jquery.com/mobile/1.4.5/images/icons-png/video-white.png]
[code.jquery.com/mobile/1.4.5/images/icons-png/action-black.png]
[code.jquery.com/mobile/1.4.5/images/icons-png/alert-black.png]
[code.jquery.com/mobile/1.4.5/images/icons-png/arrow-d-black.png]
[code.jquery.com/mobile/1.4.5/images/icons-png/arrow-d-l-black.png]
[code.jquery.com/mobile/1.4.5/images/icons-png/arrow-d-r-black.png]
[code.jquery.com/mobile/1.4.5/images/icons-png/arrow-l-black.png]
[code.jquery.com/mobile/1.4.5/images/icons-png/arrow-r-black.png]
[code.jquery.com/mobile/1.4.5/images/icons-png/arrow-u-black.png]
[code.jquery.com/mobile/1.4.5/images/icons-png/arrow-u-l-black.png]
[code.jquery.com/mobile/1.4.5/images/icons-png/arrow-u-r-black.png]
[code.jquery.com/mobile/1.4.5/images/icons-png/audio-black.png]
[code.jquery.com/mobile/1.4.5/images/icons-png/back-black.png]
[code.jquery.com/mobile/1.4.5/images/icons-png/bars-black.png]
[code.jquery.com/mobile/1.4.5/images/icons-png/bullets-black.png]
[code.jquery.com/mobile/1.4.5/images/icons-png/calendar-black.png]
[code.jquery.com/mobile/1.4.5/images/icons-png/camera-black.png]
[code.jquery.com/mobile/1.4.5/images/icons-png/carat-d-black.png]
[code.jquery.com/mobile/1.4.5/images/icons-png/carat-l-black.png]
[code.jquery.com/mobile/1.4.5/images/icons-png/carat-r-black.png]
[code.jquery.com/mobile/1.4.5/images/icons-png/carat-u-black.png]
[code.jquery.com/mobile/1.4.5/images/icons-png/check-black.png]
[code.jquery.com/mobile/1.4.5/images/icons-png/clock-black.png]
[code.jquery.com/mobile/1.4.5/images/icons-png/cloud-black.png]
[code.jquery.com/mobile/1.4.5/images/icons-png/comment-black.png]
[code.jquery.com/mobile/1.4.5/images/icons-png/delete-black.png]
[code.jquery.com/mobile/1.4.5/images/icons-png/edit-black.png]
[code.jquery.com/mobile/1.4.5/images/icons-png/eye-black.png]
[code.jquery.com/mobile/1.4.5/images/icons-png/forbidden-black.png]
[code.jquery.com/mobile/1.4.5/images/icons-png/forward-black.png]
[code.jquery.com/mobile/1.4.5/images/icons-png/gear-black.png]
[code.jquery.com/mobile/1.4.5/images/icons-png/grid-black.png]
[code.jquery.com/mobile/1.4.5/images/icons-png/heart-black.png]
[code.jquery.com/mobile/1.4.5/images/icons-png/home-black.png]
[code.jquery.com/mobile/1.4.5/images/icons-png/info-black.png]
[code.jquery.com/mobile/1.4.5/images/icons-png/location-black.png]
[code.jquery.com/mobile/1.4.5/images/icons-png/lock-black.png]
[code.jquery.com/mobile/1.4.5/images/icons-png/mail-black.png]
[code.jquery.com/mobile/1.4.5/images/icons-png/minus-black.png]
[code.jquery.com/mobile/1.4.5/images/icons-png/navigation-black.png]
[code.jquery.com/mobile/1.4.5/images/icons-png/phone-black.png]
[code.jquery.com/mobile/1.4.5/images/icons-png/plus-black.png]
[code.jquery.com/mobile/1.4.5/images/icons-png/power-black.png]
[code.jquery.com/mobile/1.4.5/images/icons-png/recycle-black.png]
[code.jquery.com/mobile/1.4.5/images/icons-png/refresh-black.png]
[code.jquery.com/mobile/1.4.5/images/icons-png/search-black.png]
[code.jquery.com/mobile/1.4.5/images/icons-png/shop-black.png]
[code.jquery.com/mobile/1.4.5/images/icons-png/star-black.png]
[code.jquery.com/mobile/1.4.5/images/icons-png/tag-black.png]
[code.jquery.com/mobile/1.4.5/images/icons-png/user-black.png]
[code.jquery.com/mobile/1.4.5/images/icons-png/video-black.png]
[code.jquery.com/mobile/1.4.5/images/ajax-loader.gif]
[code.jquery.com/mobile/1.4.5/jquery.mobile-1.4.5.min.css]
[gigm.com/dist/select2/select2.min.css]
[gigm.com/plugin/demo.css]
[gigm.com/plugin/Font Awesome/fonts/fontawesome-webfont5b62.eot]
[gigm.com/plugin/Font Awesome/fonts/fontawesome-webfontd41d.eot]
[gigm.com/plugin/Font Awesome/fonts/fontawesome-webfont5b62.ttf]
[gigm.com/plugin/Font Awesome/css/font-awesome.min.css]
[gigm.com/plugin/components/bootstrap-datepicker/bootstrap-datepicker3.min.css]
[gigm.com/plugin/datepicker-in-fullscreen.css]
[gigm.com/js/redirection-mobile.js]
[gigm.com/css/respond.css]
[gigm.com/webassets/fonts/glyphicons-halflings-regular.eot]
[gigm.com/webassets/fonts/glyphicons-halflings-regulard41d.eot]
[gigm.com/webassets/fonts/glyphicons-halflings-regular.ttf]
[gigm.com/webassets/css/bootstrap.min.css]
[gigm.com/webassets/img/shadows-inner.png]
[gigm.com/webassets/img/google-play-store.png]
[gigm.com/webassets/img/ios-app-store.png]
[gigm.com/webassets/img/homepagehero.png]
[gigm.com/webassets/img/icons/ac.png]
[gigm.com/webassets/img/icons/leg-room.png]
[gigm.com/webassets/img/icons/movie-player.png]
[gigm.com/webassets/img/icons/plug.png]
[gigm.com/webassets/img/icons/luggage.png]
[gigm.com/webassets/img/icons/amenities-toyota.png]
[gigm.com/webassets/css/main260f.css]
[gigm.com/webassets/css/animate.css]
[gigm.com/webassets/fonts/fontawesome-webfont3e6e.eot]
[gigm.com/webassets/fonts/fontawesome-webfontd41d.eot]
[gigm.com/webassets/fonts/fontawesome-webfont3e6e.ttf]
[gigm.com/webassets/css/font-awesome.min.css]
[www.googletagmanager.com/gtm5445.html]
[gigm.com/WebResource41f8.js]
[gigm.com/ScriptResource37ce.js]
[gigm.com/ScriptResource3e7e.js]
[gigm.com/ScriptResource7b61.js]
[gigm.com/ScriptResource7356.js]
[gigm.com/ScriptResourcead3a.js]
[gigm.com/index.html]
[gigm.com/ScriptResource8a4f.js]
[gigm.com/webassets/img/bus_features.png]
[gigm.com/Learning-Academy.html]
[gigm.com/Travels-Tours.html]
[gigm.com/Safety.html]
[maxcdn.bootstrapcdn.com/bootstrap/3.3.7/css/bootstrap.min.css]
[use.fontawesome.com/01cd8ecf1a.js]
[gigm.com/css/tips.css]
[gigm.com/hire-vehicle.html]
[gigm.com/img/Group-app.png]
[gigm.com/onlink_to_d4d9ke_small.png]
[gigm.com/gigm-mobile-app.html]
[gigm.com/Bus-Terminal.html]
[gigm.com/Faq.html]
[gigm.com/Schedule.html]
[gigm.com/webassets/img/gigm-luggage-banner.jpg]
[gigm.com/Luggage-Allowance.html]
[gigm.com/Terms-and-Conditions.html]
[gigm.com/Contact-Us.html]
[gigm.com/Customer-Care.html]
[gigm.com/webassets/js/schedule-table.js]
[gigm.com/Terminals.html]
[gigm.com/About-Us.html]
[gigm.com/Awards.html]
[gigm.com/Captain-2.html]
[gigm.com/img/careers.png]
[gigm.com/Careers.html]
[gigm.com/webassets/css/multistep.css]
[gigm.com/webassets/img/GIGM-Partner4-compressed.jpg]
[gigm.com/webassets/img/Web-Loader.gif]
[gigm.com/webassets/js/multistep.js]
[gigm.com/enterprisepartners.html]
[cdnjs.cloudflare.com/ajax/libs/jquery-easing/1.3/jquery.easing.min.js]
[gigm.com/css/captain-style.css]
[gigm.com/img/captain-logo.jpg]
[gigm.com/img/buses.png]
[ajax.googleapis.com/ajax/libs/jquery/3.3.1/jquery.min.js]
[unpkg.com/sweetalert@2.1.0/dist/sweetalert.min.js]
[gigm.com/js/captain.js]
[gigm.com/captain.html]
[gigm.com/pickupservice.html]
[gigm.com/webassets/css/main.css]
[gigm.com/assets/css/bootstrap.min.css]
[gigm.com/assets/css/main.css]
[connect.facebook.net/en_US/all.js]
[connect.facebook.net/en_US/sdk.js]
[apis.google.com/js/platform.js]
[ajax.googleapis.com/ajax/libs/jquery/2.1.4/jquery.min.js]
[gigm.com/webassets/js/main.js]
[apis.google.com/js/platformd1c1.js]
[gigm.com/Register.html]
[gigm.com/Pickup.html]
[gigm.com/travels-tours-2.html]
[gigm.com/How-To-Book-A-Bus.html]
[gigm.com/Privacy-Policy.html]
[gigm.com/keep.html]
[gigm.com/webassets/js/bootstrap.min.js]
[gigm.com/webassets/js/main1ded.js]
[gigm.com/webassets/js/wow.min.js]
[gigm.com/js/legacy.js]
[gigm.com/js/DateTime.js]
[gigm.com/js/jquery.backstretch.min.js]
[gigm.com/js/jquery.bxslider.js]
[gigm.com/js/moment.js]
[gigm.com/js/date.js]
[gigm.com/dist/select2/select2.full.min.js]
[gigm.com/dist/css/sweetalert.css]
[gigm.com/dist/js/sweetalert.min.js]
[gigm.com/assets/js/main.js]
[gigm.com/assets/js/wow.js]
[gigm.com/plugin/components/bootstrap-datepicker/bootstrap-datepicker.min.js]
[gigm.com/plugin/components/bootstrap-datepicker/locales/bootstrap-datepicker.en-GB.min.js]
[gigm.com/plugin/components/moment/moment.min.js]
[gigm.com/plugin/components/TouchSwipe/jquery.touchSwipe.min.js]
[gigm.com/plugin/datepicker-in-fullscreen.js]
[connect.facebook.net/en_US/fbevents.js]
[gigm.com/plugin/Font Awesome/fonts/fontawesome-webfont5b62.html]
[gigm.com/plugin/Font Awesome/fonts/fontawesome-webfont5b62-2.html]
[gigm.com/plugin/Font Awesome/fonts/fontawesome-webfont5b62.svg]
[gigm.com/webassets/fonts/glyphicons-halflings-regular.html]
[gigm.com/webassets/fonts/glyphicons-halflings-regular-2.html]
[gigm.com/webassets/fonts/glyphicons-halflings-regular.svg]
[gigm.com/webassets/dist/img/icons/arrows.html]
[gigm.com/webassets/fonts/fontawesome-webfont3e6e.html]
[gigm.com/webassets/fonts/fontawesome-webfont3e6e-2.html]
[gigm.com/webassets/fonts/fontawesome-webfont3e6e.svg]
[gigm.com/POST.html]
[gigm.com/Firefox/index.html]
[gigm.com/AppleWebKit/index.html]
[gigm.com/Opera/index.html]
[gigm.com/MicrosoftAjaxWebForms.html]
[gigm.com/MicrosoftAjaxSerialization.html]
[gigm.com/MicrosoftAjaxNetwork.html]
[gigm.com/ScriptResource7356.js]
[gigm.com/ScriptResourcead3a.js]
[gigm.com/ScriptResource8a4f.js]
[maxcdn.bootstrapcdn.com/bootstrap/3.3.7/css/bootstrap.min.css]
[gigm.com/css/tips.css]
[gigm.com/Bus-Terminal.html]
[gigm.com/Webassets/img/bus_features-2.png]
[gigm.com/pdfs/umuahia.pdf]
[gigm.com/pdfs/mararaba.pdf]
[gigm.com/pdfs/zuba.pdf]
[gigm.com/pdfs/utako.pdf]
[gigm.com/pdfs/kubwa.pdf]
[gigm.com/pdfs/awka.pdf]
[gigm.com/pdfs/bayelsa.pdf]
[gigm.com/pdfs/asaba.pdf]
[gigm.com/pdfs/warri.pdf]
[gigm.com/pdfs/auchi.pdf]
[gigm.com/pdfs/akpakpava.pdf]
[gigm.com/pdfs/uselu.pdf]
[gigm.com/pdfs/ekpoma.pdf]
[gigm.com/pdfs/enugu.pdf]
[gigm.com/pdfs/owerri.pdf]
[gigm.com/pdfs/ajah.pdf]
[gigm.com/pdfs/festac.pdf]
[gigm.com/pdfs/ikotun.pdf]
[gigm.com/pdfs/iyanaipaja.pdf]
[gigm.com/pdfs/jibowu.pdf]
[gigm.com/pdfs/volks.pdf]
[gigm.com/pdfs/yaba.pdf]
[gigm.com/pdfs/uyo.pdf]
[gigm.com/pdfs/phc.pdf]
[gigm.com/Schedule.html]
[gigm.com/twitter.com/gigmotors.html]
[gigm.com/facebook.com/GIGMOTORS.html]
[gigm.com/webassets/js/schedule-table.js]
[gigm.com/Captain-2.html]
[gigm.com/webassets/css/multistep.css]
[gigm.com/webassets/js/multistep.js]
[gigm.com/img/adjusted.jpg]
[gigm.com/img/captain.png]
[gigm.com/css/captain-style.css]
[gigm.com/whereimageis/https_/gigm.com/img/adjusted.html]
[gigm.com/captains.html]
[gigm.com/js/captain.js]
[gigm.com/webassets/css/main.css]
[gigm.com/assets/fonts/glyphicons-halflings-regular.eot]
[gigm.com/assets/fonts/glyphicons-halflings-regulard41d.eot]
[gigm.com/assets/fonts/glyphicons-halflings-regular.ttf]
[gigm.com/assets/css/bootstrap.min.css]
[gigm.com/img/roadtrip.jpg]
[gigm.com/assets/images/gigm-deals.png]
[gigm.com/assets/images/lagos-img.jpg]
[gigm.com/assets/images/ph-img.jpg]
[gigm.com/assets/images/benin-img.jpg]
[gigm.com/assets/images/abuja-img.jpg]
[gigm.com/assets/images/kaduna-img.jpg]
[gigm.com/assets/images/anambra-img.jpg]
[gigm.com/assets/images/enugu-img.jpg]
[gigm.com/assets/images/warri-img.jpg]
[gigm.com/assets/css/main.css]
[connect.facebook.net/en_US/all.js]
[connect.facebook.net/en_US/sdk.js]
[gigm.com/webassets/js/main.js]
[gigm.com/Popover requires tooltip.html]
[gigm.com/assets/fonts/glyphicons-halflings-regular.html]
[gigm.com/assets/fonts/glyphicons-halflings-regular-2.html]
[gigm.com/assets/fonts/glyphicons-halflings-regular.svg]
[gigm.com/ABCDEFGHIJKLMNOPQRSTUVWXYZabcdefghijklmnopqrstuvwxyz0123456789+/index.html]
[gigm.com/^([^_/indexd41d.html]
[gigm.com/restserver.html]
